RESET b
INC b
GET
STORE b
RESET c
RESET a
INC c
INC a
SHIFT c
SWAP b
GET
STORE b
RESET d
INC d
RESET b
INC b
RESET a
INC a
LOAD a
SUB b
STORE d
RESET b
RESET a
INC b
INC a
SHIFT b
LOAD a
PUT
RESET c
RESET a
INC c
INC a
SHIFT c
SWAP b
LOAD b
SWAP b
RESET a
INC a
LOAD a
SUB b
INC a
JPOS -29
HALT
